// Jest Snapshot v1, https://goo.gl/fbAQLP

exports[`logs-in successfully 1`] = `Array []`;
